
> vite_react_shadcn_ts@0.0.0 build
> vite build

[36mvite v7.3.1 [32mbuilding client environment for production...[36m[39m
transforming...
[32mÔ£ô[39m 3 modules transformed.
node.exe : [31mÔ£ù[39m Build failed in 3m 47s
At line:1 char:1
+ & "C:\nvm4w\nodejs/node.exe" "C:\nvm4w\nodejs/node_modules/npm/bin/np ...
+ ~~~~~~~~~~~~~~~~~~~~~~~~~~~~~~~~~~~~~~~~~~~~~~~~~~~~~~~~~~~~~~~~~~~~~
    + CategoryInfo          : NotSpecified: ([31mÔ£ù[39m Build failed in 3m  
   47s:String) [], RemoteException
    + FullyQualifiedErrorId : NativeCommandError
 
[31merror during build:
[31mCould not resolve "./lib/security" from "src/main.tsx"[31m
file: [36mC:/Users/johan/Documents/Zertainity.in/src/main.tsx[31m
    at getRollupError (file:///C:/Users/johan/Documents/Zertainity.in/node_modu
les/rollup/dist/es/shared/parseAst.js:402:41)
    at error (file:///C:/Users/johan/Documents/Zertainity.in/node_modules/rollu
p/dist/es/shared/parseAst.js:398:42)
    at ModuleLoader.handleInvalidResolvedId (file:///C:/Users/johan/Documents/Z
ertainity.in/node_modules/rollup/dist/es/shared/node-entry.js:21710:24)
    at file:///C:/Users/johan/Documents/Zertainity.in/node_modules/rollup/dist/
es/shared/node-entry.js:21670:26[39m
